Archive member included because of file (symbol)

c:/winavr-20100110/bin/../lib/gcc/avr/4.3.3/avr5\libgcc.a(_udivmodqi4.o)
                              ./APP_Layer/Smart_Home_Master.o (__udivmodqi4)
c:/winavr-20100110/bin/../lib/gcc/avr/4.3.3/avr5\libgcc.a(_exit.o)
                              c:/winavr-20100110/bin/../lib/gcc/avr/4.3.3/../../../../avr/lib/avr5/crtm32.o (exit)
c:/winavr-20100110/bin/../lib/gcc/avr/4.3.3/avr5\libgcc.a(_copy_data.o)
                              ./APP_Layer/Security.o (__do_copy_data)
c:/winavr-20100110/bin/../lib/gcc/avr/4.3.3/avr5\libgcc.a(_clear_bss.o)
                              ./MCAL_Layer/USART/USART_prog.o (__do_clear_bss)

Allocating common symbols
Common symbol       size              file

Check               0x15              ./APP_Layer/Security.o
KPD_Press           0x1               ./APP_Layer/Security.o
SPI_Recieve         0x1               ./APP_Layer/Smart_Home_Master.o
UserName            0x14              ./APP_Layer/Security.o

Memory Configuration

Name             Origin             Length             Attributes
text             0x00000000         0x00020000         xr
data             0x00800060         0x0000ffa0         rw !x
eeprom           0x00810000         0x00010000         rw !x
fuse             0x00820000         0x00000400         rw !x
lock             0x00830000         0x00000400         rw !x
signature        0x00840000         0x00000400         rw !x
*default*        0x00000000         0xffffffff

Linker script and memory map

LOAD c:/winavr-20100110/bin/../lib/gcc/avr/4.3.3/../../../../avr/lib/avr5/crtm32.o
LOAD ./MCAL_Layer/USART/USART_prog.o
LOAD ./MCAL_Layer/TIMER/TIMER_program.o
LOAD ./MCAL_Layer/SPI/SPI_prog.o
LOAD ./MCAL_Layer/GIE/GIE_prog.o
LOAD ./MCAL_Layer/EXTI/EXTI_prog.o
LOAD ./MCAL_Layer/EEPROM/EEPROM_prog.o
LOAD ./MCAL_Layer/DIO/DIO_prog.o
LOAD ./HAL_Layer/LED/LED_prog.o
LOAD ./APP_Layer/Security.o
LOAD ./APP_Layer/Smart_Home_Master.o
LOAD c:/winavr-20100110/bin/../lib/gcc/avr/4.3.3/avr5\libgcc.a
LOAD c:/winavr-20100110/bin/../lib/gcc/avr/4.3.3/../../../../avr/lib/avr5\libc.a
LOAD c:/winavr-20100110/bin/../lib/gcc/avr/4.3.3/avr5\libgcc.a

.hash
 *(.hash)

.dynsym
 *(.dynsym)

.dynstr
 *(.dynstr)

.gnu.version
 *(.gnu.version)

.gnu.version_d
 *(.gnu.version_d)

.gnu.version_r
 *(.gnu.version_r)

.rel.init
 *(.rel.init)

.rela.init
 *(.rela.init)

.rel.text
 *(.rel.text)
 *(.rel.text.*)
 *(.rel.gnu.linkonce.t*)

.rela.text
 *(.rela.text)
 *(.rela.text.*)
 *(.rela.gnu.linkonce.t*)

.rel.fini
 *(.rel.fini)

.rela.fini
 *(.rela.fini)

.rel.rodata
 *(.rel.rodata)
 *(.rel.rodata.*)
 *(.rel.gnu.linkonce.r*)

.rela.rodata
 *(.rela.rodata)
 *(.rela.rodata.*)
 *(.rela.gnu.linkonce.r*)

.rel.data
 *(.rel.data)
 *(.rel.data.*)
 *(.rel.gnu.linkonce.d*)

.rela.data
 *(.rela.data)
 *(.rela.data.*)
 *(.rela.gnu.linkonce.d*)

.rel.ctors
 *(.rel.ctors)

.rela.ctors
 *(.rela.ctors)

.rel.dtors
 *(.rel.dtors)

.rela.dtors
 *(.rela.dtors)

.rel.got
 *(.rel.got)

.rela.got
 *(.rela.got)

.rel.bss
 *(.rel.bss)

.rela.bss
 *(.rela.bss)

.rel.plt
 *(.rel.plt)

.rela.plt
 *(.rela.plt)

.text           0x00000000     0x2abc
 *(.vectors)
 .vectors       0x00000000       0x54 c:/winavr-20100110/bin/../lib/gcc/avr/4.3.3/../../../../avr/lib/avr5/crtm32.o
                0x00000000                __vectors
                0x00000000                __vector_default
 *(.vectors)
 *(.progmem.gcc*)
 *(.progmem*)
                0x00000054                . = ALIGN (0x2)
                0x00000054                __trampolines_start = .
 *(.trampolines)
 .trampolines   0x00000054        0x0 linker stubs
 *(.trampolines*)
                0x00000054                __trampolines_end = .
 *(.jumptables)
 *(.jumptables*)
 *(.lowtext)
 *(.lowtext*)
                0x00000054                __ctors_start = .
 *(.ctors)
                0x00000054                __ctors_end = .
                0x00000054                __dtors_start = .
 *(.dtors)
                0x00000054                __dtors_end = .
 SORT(*)(.ctors)
 SORT(*)(.dtors)
 *(.init0)
 .init0         0x00000054        0x0 c:/winavr-20100110/bin/../lib/gcc/avr/4.3.3/../../../../avr/lib/avr5/crtm32.o
                0x00000054                __init
 *(.init0)
 *(.init1)
 *(.init1)
 *(.init2)
 .init2         0x00000054        0xc c:/winavr-20100110/bin/../lib/gcc/avr/4.3.3/../../../../avr/lib/avr5/crtm32.o
 *(.init2)
 *(.init3)
 *(.init3)
 *(.init4)
 .init4         0x00000060       0x16 c:/winavr-20100110/bin/../lib/gcc/avr/4.3.3/avr5\libgcc.a(_copy_data.o)
                0x00000060                __do_copy_data
 .init4         0x00000076       0x10 c:/winavr-20100110/bin/../lib/gcc/avr/4.3.3/avr5\libgcc.a(_clear_bss.o)
                0x00000076                __do_clear_bss
 *(.init4)
 *(.init5)
 *(.init5)
 *(.init6)
 *(.init6)
 *(.init7)
 *(.init7)
 *(.init8)
 *(.init8)
 *(.init9)
 .init9         0x00000086        0x8 c:/winavr-20100110/bin/../lib/gcc/avr/4.3.3/../../../../avr/lib/avr5/crtm32.o
 *(.init9)
 *(.text)
 .text          0x0000008e        0x4 c:/winavr-20100110/bin/../lib/gcc/avr/4.3.3/../../../../avr/lib/avr5/crtm32.o
                0x0000008e                __bad_interrupt
                0x0000008e                __vector_17
                0x0000008e                __vector_19
                0x0000008e                __vector_14
                0x0000008e                __vector_16
                0x0000008e                __vector_18
                0x0000008e                __vector_20
 .text          0x00000092        0x0 ./MCAL_Layer/USART/USART_prog.o
 .text          0x00000092        0x0 ./MCAL_Layer/TIMER/TIMER_program.o
 .text          0x00000092        0x0 ./MCAL_Layer/SPI/SPI_prog.o
 .text          0x00000092        0x0 ./MCAL_Layer/GIE/GIE_prog.o
 .text          0x00000092        0x0 ./MCAL_Layer/EXTI/EXTI_prog.o
 .text          0x00000092        0x0 ./MCAL_Layer/EEPROM/EEPROM_prog.o
 .text          0x00000092        0x0 ./MCAL_Layer/DIO/DIO_prog.o
 .text          0x00000092        0x0 ./HAL_Layer/LED/LED_prog.o
 .text          0x00000092        0x0 ./APP_Layer/Security.o
 .text          0x00000092        0x0 ./APP_Layer/Smart_Home_Master.o
 .text          0x00000092        0x0 c:/winavr-20100110/bin/../lib/gcc/avr/4.3.3/avr5\libgcc.a(_udivmodqi4.o)
 .text          0x00000092        0x0 c:/winavr-20100110/bin/../lib/gcc/avr/4.3.3/avr5\libgcc.a(_exit.o)
 .text          0x00000092        0x0 c:/winavr-20100110/bin/../lib/gcc/avr/4.3.3/avr5\libgcc.a(_copy_data.o)
 .text          0x00000092        0x0 c:/winavr-20100110/bin/../lib/gcc/avr/4.3.3/avr5\libgcc.a(_clear_bss.o)
                0x00000092                . = ALIGN (0x2)
 *(.text.*)
 .text.USART_vInit
                0x00000092       0x1c ./MCAL_Layer/USART/USART_prog.o
                0x00000092                USART_vInit
 .text.USART_u8SendData
                0x000000ae       0x4c ./MCAL_Layer/USART/USART_prog.o
                0x000000ae                USART_u8SendData
 .text.USART_u8ReceiveData
                0x000000fa       0x56 ./MCAL_Layer/USART/USART_prog.o
                0x000000fa                USART_u8ReceiveData
 .text.USART_u8SendStringSynch
                0x00000150       0x26 ./MCAL_Layer/USART/USART_prog.o
                0x00000150                USART_u8SendStringSynch
 .text.USART_u8SendStringAsynch
                0x00000176       0x40 ./MCAL_Layer/USART/USART_prog.o
                0x00000176                USART_u8SendStringAsynch
 .text.USART_u8ReceiveBufferSynch
                0x000001b6       0x64 ./MCAL_Layer/USART/USART_prog.o
                0x000001b6                USART_u8ReceiveBufferSynch
 .text.USART_u8ReceiveBufferAsynch
                0x0000021a       0x42 ./MCAL_Layer/USART/USART_prog.o
                0x0000021a                USART_u8ReceiveBufferAsynch
 .text.__vector_13
                0x0000025c       0x7e ./MCAL_Layer/USART/USART_prog.o
                0x0000025c                __vector_13
 .text.__vector_15
                0x000002da       0x7c ./MCAL_Layer/USART/USART_prog.o
                0x000002da                __vector_15
 .text.TIMER0_vInit
                0x00000356       0x28 ./MCAL_Layer/TIMER/TIMER_program.o
                0x00000356                TIMER0_vInit
 .text.TIMER1_vInit
                0x0000037e       0x6c ./MCAL_Layer/TIMER/TIMER_program.o
                0x0000037e                TIMER1_vInit
 .text.TIMER2_vInit
                0x000003ea       0x28 ./MCAL_Layer/TIMER/TIMER_program.o
                0x000003ea                TIMER2_vInit
 .text.TIMER0_vSetPreload
                0x00000412        0x4 ./MCAL_Layer/TIMER/TIMER_program.o
                0x00000412                TIMER0_vSetPreload
 .text.TIMER1_vSetPreload
                0x00000416        0x6 ./MCAL_Layer/TIMER/TIMER_program.o
                0x00000416                TIMER1_vSetPreload
 .text.TIMER2_vSetPreload
                0x0000041c        0x4 ./MCAL_Layer/TIMER/TIMER_program.o
                0x0000041c                TIMER2_vSetPreload
 .text.TIMER0_vSetCTC
                0x00000420        0x4 ./MCAL_Layer/TIMER/TIMER_program.o
                0x00000420                TIMER0_vSetCTC
 .text.TIMER1_vSetCTCA
                0x00000424        0x6 ./MCAL_Layer/TIMER/TIMER_program.o
                0x00000424                TIMER1_vSetCTCA
 .text.TIMER1_vSetCTCB
                0x0000042a        0x6 ./MCAL_Layer/TIMER/TIMER_program.o
                0x0000042a                TIMER1_vSetCTCB
 .text.TIMER2_vSetCTC
                0x00000430        0x4 ./MCAL_Layer/TIMER/TIMER_program.o
                0x00000430                TIMER2_vSetCTC
 .text.TIMER1_vSetICR1
                0x00000434        0x6 ./MCAL_Layer/TIMER/TIMER_program.o
                0x00000434                TIMER1_vSetICR1
 .text.TIMER0_u8GetTimerCounterValue
                0x0000043a        0x4 ./MCAL_Layer/TIMER/TIMER_program.o
                0x0000043a                TIMER0_u8GetTimerCounterValue
 .text.TIMER1_u16GetTimerCounterValue
                0x0000043e        0x8 ./MCAL_Layer/TIMER/TIMER_program.o
                0x0000043e                TIMER1_u16GetTimerCounterValue
 .text.TIMER2_u8GetTimerCounterValue
                0x00000446        0x4 ./MCAL_Layer/TIMER/TIMER_program.o
                0x00000446                TIMER2_u8GetTimerCounterValue
 .text.TIMER_vSetPWM
                0x0000044a        0x6 ./MCAL_Layer/TIMER/TIMER_program.o
                0x0000044a                TIMER_vSetPWM
 .text.TIMER_vICUInitEnable
                0x00000450        0xe ./MCAL_Layer/TIMER/TIMER_program.o
                0x00000450                TIMER_vICUInitEnable
 .text.TIMER_vICUSetTriggerEdge
                0x0000045e       0x20 ./MCAL_Layer/TIMER/TIMER_program.o
                0x0000045e                TIMER_vICUSetTriggerEdge
 .text.TIMER_vICUEnableInterrupt
                0x0000047e        0x8 ./MCAL_Layer/TIMER/TIMER_program.o
                0x0000047e                TIMER_vICUEnableInterrupt
 .text.TIMER_vICUDisableInterrupt
                0x00000486        0x8 ./MCAL_Layer/TIMER/TIMER_program.o
                0x00000486                TIMER_vICUDisableInterrupt
 .text.TIMER_u16GetICR
                0x0000048e        0x8 ./MCAL_Layer/TIMER/TIMER_program.o
                0x0000048e                TIMER_u16GetICR
 .text.TIMER_vWDTSleep
                0x00000496        0xe ./MCAL_Layer/TIMER/TIMER_program.o
                0x00000496                TIMER_vWDTSleep
 .text.TIMER_vWDTEnable
                0x000004a4        0x8 ./MCAL_Layer/TIMER/TIMER_program.o
                0x000004a4                TIMER_vWDTEnable
 .text.TIMER_vWDTDisable
                0x000004ac        0xa ./MCAL_Layer/TIMER/TIMER_program.o
                0x000004ac                TIMER_vWDTDisable
 .text.TIMER_u8SetCallBack
                0x000004b6       0x1c ./MCAL_Layer/TIMER/TIMER_program.o
                0x000004b6                TIMER_u8SetCallBack
 .text.__vector_11
                0x000004d2       0x52 ./MCAL_Layer/TIMER/TIMER_program.o
                0x000004d2                __vector_11
 .text.__vector_10
                0x00000524       0x52 ./MCAL_Layer/TIMER/TIMER_program.o
                0x00000524                __vector_10
 .text.__vector_9
                0x00000576       0x52 ./MCAL_Layer/TIMER/TIMER_program.o
                0x00000576                __vector_9
 .text.__vector_8
                0x000005c8       0x52 ./MCAL_Layer/TIMER/TIMER_program.o
                0x000005c8                __vector_8
 .text.__vector_7
                0x0000061a       0x52 ./MCAL_Layer/TIMER/TIMER_program.o
                0x0000061a                __vector_7
 .text.__vector_6
                0x0000066c       0x52 ./MCAL_Layer/TIMER/TIMER_program.o
                0x0000066c                __vector_6
 .text.__vector_5
                0x000006be       0x52 ./MCAL_Layer/TIMER/TIMER_program.o
                0x000006be                __vector_5
 .text.__vector_4
                0x00000710       0x52 ./MCAL_Layer/TIMER/TIMER_program.o
                0x00000710                __vector_4
 .text.SPI_u8InitConfig
                0x00000762       0xf4 ./MCAL_Layer/SPI/SPI_prog.o
                0x00000762                SPI_u8InitConfig
 .text.SPI_u8Tranceive
                0x00000856       0x54 ./MCAL_Layer/SPI/SPI_prog.o
                0x00000856                SPI_u8Tranceive
 .text.SPI_u8BufferTranceiverSynch
                0x000008aa       0x50 ./MCAL_Layer/SPI/SPI_prog.o
                0x000008aa                SPI_u8BufferTranceiverSynch
 .text.SPI_u8BufferTranceiverAsynch
                0x000008fa       0x64 ./MCAL_Layer/SPI/SPI_prog.o
                0x000008fa                SPI_u8BufferTranceiverAsynch
 .text.__vector_12
                0x0000095e       0x8c ./MCAL_Layer/SPI/SPI_prog.o
                0x0000095e                __vector_12
 .text.SPI_vInit
                0x000009ea       0x28 ./MCAL_Layer/SPI/SPI_prog.o
                0x000009ea                SPI_vInit
 .text.GIE_vEnable
                0x00000a12        0x8 ./MCAL_Layer/GIE/GIE_prog.o
                0x00000a12                GIE_vEnable
 .text.GIE_vDisable
                0x00000a1a        0x8 ./MCAL_Layer/GIE/GIE_prog.o
                0x00000a1a                GIE_vDisable
 .text.EXTI_vInit
                0x00000a22        0x8 ./MCAL_Layer/EXTI/EXTI_prog.o
                0x00000a22                EXTI_vInit
 .text.EXTI_vSetSignal
                0x00000a2a       0xfe ./MCAL_Layer/EXTI/EXTI_prog.o
                0x00000a2a                EXTI_vSetSignal
 .text.EXTI_vDisableInterrupt
                0x00000b28       0x26 ./MCAL_Layer/EXTI/EXTI_prog.o
                0x00000b28                EXTI_vDisableInterrupt
 .text.EXTI_vEnableInterrupt
                0x00000b4e       0x24 ./MCAL_Layer/EXTI/EXTI_prog.o
                0x00000b4e                EXTI_vEnableInterrupt
 .text.EXTI_vClearFlag
                0x00000b72       0x16 ./MCAL_Layer/EXTI/EXTI_prog.o
                0x00000b72                EXTI_vClearFlag
 .text.EXTI_u8GETFlag
                0x00000b88       0x26 ./MCAL_Layer/EXTI/EXTI_prog.o
                0x00000b88                EXTI_u8GETFlag
 .text.EXTI_vSetCallBack
                0x00000bae       0x34 ./MCAL_Layer/EXTI/EXTI_prog.o
                0x00000bae                EXTI_vSetCallBack
 .text.__vector_1
                0x00000be2       0x58 ./MCAL_Layer/EXTI/EXTI_prog.o
                0x00000be2                __vector_1
 .text.__vector_2
                0x00000c3a       0x58 ./MCAL_Layer/EXTI/EXTI_prog.o
                0x00000c3a                __vector_2
 .text.__vector_3
                0x00000c92       0x58 ./MCAL_Layer/EXTI/EXTI_prog.o
                0x00000c92                __vector_3
 .text.EEPROM_vWrite
                0x00000cea       0x10 ./MCAL_Layer/EEPROM/EEPROM_prog.o
                0x00000cea                EEPROM_vWrite
 .text.EEPROM_vRead
                0x00000cfa        0xa ./MCAL_Layer/EEPROM/EEPROM_prog.o
                0x00000cfa                EEPROM_vRead
 .text.DIO_enumSetPinDir
                0x00000d04       0xfc ./MCAL_Layer/DIO/DIO_prog.o
                0x00000d04                DIO_enumSetPinDir
 .text.DIO_enumWritePinVal
                0x00000e00       0xfc ./MCAL_Layer/DIO/DIO_prog.o
                0x00000e00                DIO_enumWritePinVal
 .text.DIO_enumReadPinVal
                0x00000efc       0x54 ./MCAL_Layer/DIO/DIO_prog.o
                0x00000efc                DIO_enumReadPinVal
 .text.DIO_enumTogglePinVal
                0x00000f50       0x78 ./MCAL_Layer/DIO/DIO_prog.o
                0x00000f50                DIO_enumTogglePinVal
 .text.DIO_enumConnectPullUp
                0x00000fc8      0x128 ./MCAL_Layer/DIO/DIO_prog.o
                0x00000fc8                DIO_enumConnectPullUp
 .text.DIO_enumSetPortDir
                0x000010f0       0x2c ./MCAL_Layer/DIO/DIO_prog.o
                0x000010f0                DIO_enumSetPortDir
 .text.DIO_enumWritePortVal
                0x0000111c       0x2c ./MCAL_Layer/DIO/DIO_prog.o
                0x0000111c                DIO_enumWritePortVal
 .text.DIO_enumReadPorVal
                0x00001148       0x30 ./MCAL_Layer/DIO/DIO_prog.o
                0x00001148                DIO_enumReadPorVal
 .text.DIO_enumTogglePortValue
                0x00001178       0x3e ./MCAL_Layer/DIO/DIO_prog.o
                0x00001178                DIO_enumTogglePortValue
 .text.DIO_vWriteLowNibble
                0x000011b6       0x58 ./MCAL_Layer/DIO/DIO_prog.o
                0x000011b6                DIO_vWriteLowNibble
 .text.DIO_vWriteHighNibble
                0x0000120e       0x5a ./MCAL_Layer/DIO/DIO_prog.o
                0x0000120e                DIO_vWriteHighNibble
 .text.DIO_vSetLowNibbleDir
                0x00001268       0x58 ./MCAL_Layer/DIO/DIO_prog.o
                0x00001268                DIO_vSetLowNibbleDir
 .text.DIO_vSetHighNibbleDir
                0x000012c0       0x5a ./MCAL_Layer/DIO/DIO_prog.o
                0x000012c0                DIO_vSetHighNibbleDir
 .text.LED_vTog
                0x0000131a       0x28 ./HAL_Layer/LED/LED_prog.o
                0x0000131a                LED_vTog
 .text.LED_vTurnOff
                0x00001342       0x38 ./HAL_Layer/LED/LED_prog.o
                0x00001342                LED_vTurnOff
 .text.LED_vTurnOn
                0x0000137a       0x38 ./HAL_Layer/LED/LED_prog.o
                0x0000137a                LED_vTurnOn
 .text.LED_vInit
                0x000013b2       0x2a ./HAL_Layer/LED/LED_prog.o
                0x000013b2                LED_vInit
 .text.Error_TimeOut
                0x000013dc       0x52 ./APP_Layer/Security.o
                0x000013dc                Error_TimeOut
 .text.PassWord_Set
                0x0000142e      0x12a ./APP_Layer/Security.o
                0x0000142e                PassWord_Set
 .text.UserName_Set
                0x00001558      0x118 ./APP_Layer/Security.o
                0x00001558                UserName_Set
 .text.PassWord_Check
                0x00001670       0xfc ./APP_Layer/Security.o
                0x00001670                PassWord_Check
 .text.UserName_Check
                0x0000176c       0xfa ./APP_Layer/Security.o
                0x0000176c                UserName_Check
 .text.Sign_In  0x00001866       0xa4 ./APP_Layer/Security.o
                0x00001866                Sign_In
 .text.EEPROM_vInit
                0x0000190a       0xa8 ./APP_Layer/Security.o
                0x0000190a                EEPROM_vInit
 .text.ISR_EXTI_Interrupt
                0x000019b2      0x164 ./APP_Layer/Smart_Home_Master.o
                0x000019b2                ISR_EXTI_Interrupt
 .text.Home_vBalacon
                0x00001b16       0xba ./APP_Layer/Smart_Home_Master.o
                0x00001b16                Home_vBalacon
 .text.Home_vCorridor
                0x00001bd0       0x7e ./APP_Layer/Smart_Home_Master.o
                0x00001bd0                Home_vCorridor
 .text.Home_vBath_Room
                0x00001c4e       0x5e ./APP_Layer/Smart_Home_Master.o
                0x00001c4e                Home_vBath_Room
 .text.Home_vSetting
                0x00001cac       0xfe ./APP_Layer/Smart_Home_Master.o
                0x00001cac                Home_vSetting
 .text.Auto_Fan_Control
                0x00001daa       0x6a ./APP_Layer/Smart_Home_Master.o
                0x00001daa                Auto_Fan_Control
 .text.Salon_Door
                0x00001e14       0xb4 ./APP_Layer/Smart_Home_Master.o
                0x00001e14                Salon_Door
 .text.Reception_Door
                0x00001ec8       0xb4 ./APP_Layer/Smart_Home_Master.o
                0x00001ec8                Reception_Door
 .text.Home_vKitchen
                0x00001f7c       0xa0 ./APP_Layer/Smart_Home_Master.o
                0x00001f7c                Home_vKitchen
 .text.Sal_vFan
                0x0000201c       0xea ./APP_Layer/Smart_Home_Master.o
                0x0000201c                Sal_vFan
 .text.Home_vSalon
                0x00002106       0x98 ./APP_Layer/Smart_Home_Master.o
                0x00002106                Home_vSalon
 .text.Rec_vFan
                0x0000219e       0xea ./APP_Layer/Smart_Home_Master.o
                0x0000219e                Rec_vFan
 .text.Home_vReception
                0x00002288       0xb8 ./APP_Layer/Smart_Home_Master.o
                0x00002288                Home_vReception
 .text.Home_vStair
                0x00002340      0x10e ./APP_Layer/Smart_Home_Master.o
                0x00002340                Home_vStair
 .text.Child_vFan
                0x0000244e       0xdc ./APP_Layer/Smart_Home_Master.o
                0x0000244e                Child_vFan
 .text.Home_vChildren_Room_2
                0x0000252a       0x98 ./APP_Layer/Smart_Home_Master.o
                0x0000252a                Home_vChildren_Room_2
 .text.Home_vChildren_Room_1
                0x000025c2       0x98 ./APP_Layer/Smart_Home_Master.o
                0x000025c2                Home_vChildren_Room_1
 .text.Bed_vFan
                0x0000265a       0xdc ./APP_Layer/Smart_Home_Master.o
                0x0000265a                Bed_vFan
 .text.Home_vBed_Room
                0x00002736       0x98 ./APP_Layer/Smart_Home_Master.o
                0x00002736                Home_vBed_Room
 .text.main     0x000027ce      0x2d2 ./APP_Layer/Smart_Home_Master.o
                0x000027ce                main
 .text.libgcc   0x00002aa0       0x18 c:/winavr-20100110/bin/../lib/gcc/avr/4.3.3/avr5\libgcc.a(_udivmodqi4.o)
                0x00002aa0                __udivmodqi4
 .text.libgcc   0x00002ab8        0x0 c:/winavr-20100110/bin/../lib/gcc/avr/4.3.3/avr5\libgcc.a(_exit.o)
 .text.libgcc   0x00002ab8        0x0 c:/winavr-20100110/bin/../lib/gcc/avr/4.3.3/avr5\libgcc.a(_copy_data.o)
 .text.libgcc   0x00002ab8        0x0 c:/winavr-20100110/bin/../lib/gcc/avr/4.3.3/avr5\libgcc.a(_clear_bss.o)
                0x00002ab8                . = ALIGN (0x2)
 *(.fini9)
 .fini9         0x00002ab8        0x0 c:/winavr-20100110/bin/../lib/gcc/avr/4.3.3/avr5\libgcc.a(_exit.o)
                0x00002ab8                exit
                0x00002ab8                _exit
 *(.fini9)
 *(.fini8)
 *(.fini8)
 *(.fini7)
 *(.fini7)
 *(.fini6)
 *(.fini6)
 *(.fini5)
 *(.fini5)
 *(.fini4)
 *(.fini4)
 *(.fini3)
 *(.fini3)
 *(.fini2)
 *(.fini2)
 *(.fini1)
 *(.fini1)
 *(.fini0)
 .fini0         0x00002ab8        0x4 c:/winavr-20100110/bin/../lib/gcc/avr/4.3.3/avr5\libgcc.a(_exit.o)
 *(.fini0)
                0x00002abc                _etext = .

.data           0x00800060      0x54c load address 0x00002abc
                0x00800060                PROVIDE (__data_start, .)
 *(.data)
 .data          0x00800060        0x0 c:/winavr-20100110/bin/../lib/gcc/avr/4.3.3/../../../../avr/lib/avr5/crtm32.o
 .data          0x00800060        0x0 ./MCAL_Layer/USART/USART_prog.o
 .data          0x00800060        0x0 ./MCAL_Layer/TIMER/TIMER_program.o
 .data          0x00800060        0x0 ./MCAL_Layer/SPI/SPI_prog.o
 .data          0x00800060        0x0 ./MCAL_Layer/GIE/GIE_prog.o
 .data          0x00800060        0x0 ./MCAL_Layer/EXTI/EXTI_prog.o
 .data          0x00800060        0x0 ./MCAL_Layer/EEPROM/EEPROM_prog.o
 .data          0x00800060        0x0 ./MCAL_Layer/DIO/DIO_prog.o
 .data          0x00800060        0x0 ./HAL_Layer/LED/LED_prog.o
 .data          0x00800060      0x11d ./APP_Layer/Security.o
 .data          0x0080017d      0x3ea ./APP_Layer/Smart_Home_Master.o
 .data          0x00800567        0x0 c:/winavr-20100110/bin/../lib/gcc/avr/4.3.3/avr5\libgcc.a(_udivmodqi4.o)
 .data          0x00800567        0x0 c:/winavr-20100110/bin/../lib/gcc/avr/4.3.3/avr5\libgcc.a(_exit.o)
 .data          0x00800567        0x0 c:/winavr-20100110/bin/../lib/gcc/avr/4.3.3/avr5\libgcc.a(_copy_data.o)
 .data          0x00800567        0x0 c:/winavr-20100110/bin/../lib/gcc/avr/4.3.3/avr5\libgcc.a(_clear_bss.o)
 *(.data*)
 .data.Tries    0x00800567        0x1 ./APP_Layer/Security.o
                0x00800567                Tries
 .data.UserName_Check_Flag
                0x00800568        0x1 ./APP_Layer/Security.o
                0x00800568                UserName_Check_Flag
 .data.PassWord_Check_Flag
                0x00800569        0x1 ./APP_Layer/Security.o
                0x00800569                PassWord_Check_Flag
 .data.Error_State
                0x0080056a        0x1 ./APP_Layer/Security.o
                0x0080056a                Error_State
 .data.While_Status1
                0x0080056b        0x1 ./APP_Layer/Smart_Home_Master.o
                0x0080056b                While_Status1
 .data.While_Status2
                0x0080056c        0x1 ./APP_Layer/Smart_Home_Master.o
                0x0080056c                While_Status2
 .data.uCKitLed_1
                0x0080056d        0x3 ./APP_Layer/Smart_Home_Master.o
                0x0080056d                uCKitLed_1
 .data.uCKitLed_2
                0x00800570        0x3 ./APP_Layer/Smart_Home_Master.o
                0x00800570                uCKitLed_2
 .data.uCBedLed_1
                0x00800573        0x3 ./APP_Layer/Smart_Home_Master.o
                0x00800573                uCBedLed_1
 .data.uCBedLed_2
                0x00800576        0x3 ./APP_Layer/Smart_Home_Master.o
                0x00800576                uCBedLed_2
 .data.uCBthLed
                0x00800579        0x3 ./APP_Layer/Smart_Home_Master.o
                0x00800579                uCBthLed
 .data.uCCorLed_1
                0x0080057c        0x3 ./APP_Layer/Smart_Home_Master.o
                0x0080057c                uCCorLed_1
 .data.uCCorLed_2
                0x0080057f        0x3 ./APP_Layer/Smart_Home_Master.o
                0x0080057f                uCCorLed_2
 .data.uCStairLed
                0x00800582        0x3 ./APP_Layer/Smart_Home_Master.o
                0x00800582                uCStairLed
 .data.uCBalLed_1
                0x00800585        0x3 ./APP_Layer/Smart_Home_Master.o
                0x00800585                uCBalLed_1
 .data.uCBalLed_2
                0x00800588        0x3 ./APP_Layer/Smart_Home_Master.o
                0x00800588                uCBalLed_2
 .data.uCBalLed_3
                0x0080058b        0x3 ./APP_Layer/Smart_Home_Master.o
                0x0080058b                uCBalLed_3
 .data.uCBalLed_4
                0x0080058e        0x3 ./APP_Layer/Smart_Home_Master.o
                0x0080058e                uCBalLed_4
 .data.uCSalLed_1
                0x00800591        0x3 ./APP_Layer/Smart_Home_Master.o
                0x00800591                uCSalLed_1
 .data.uCSalLed_2
                0x00800594        0x3 ./APP_Layer/Smart_Home_Master.o
                0x00800594                uCSalLed_2
 .data.uCRecLed_1
                0x00800597        0x3 ./APP_Layer/Smart_Home_Master.o
                0x00800597                uCRecLed_1
 .data.uCRecLed_2
                0x0080059a        0x3 ./APP_Layer/Smart_Home_Master.o
                0x0080059a                uCRecLed_2
 .data.uCRecLed_3
                0x0080059d        0x3 ./APP_Layer/Smart_Home_Master.o
                0x0080059d                uCRecLed_3
 .data.uCCh_1_Led_1
                0x008005a0        0x3 ./APP_Layer/Smart_Home_Master.o
                0x008005a0                uCCh_1_Led_1
 .data.uCCh_1_Led_2
                0x008005a3        0x3 ./APP_Layer/Smart_Home_Master.o
                0x008005a3                uCCh_1_Led_2
 .data.uCCh_2_Led_1
                0x008005a6        0x3 ./APP_Layer/Smart_Home_Master.o
                0x008005a6                uCCh_2_Led_1
 .data.uCCh_2_Led_2
                0x008005a9        0x3 ./APP_Layer/Smart_Home_Master.o
                0x008005a9                uCCh_2_Led_2
 *(.rodata)
 *(.rodata*)
 *(.gnu.linkonce.d*)
                0x008005ac                . = ALIGN (0x2)
                0x008005ac                _edata = .
                0x008005ac                PROVIDE (__data_end, .)

.bss            0x008005ac       0x58
                0x008005ac                PROVIDE (__bss_start, .)
 *(.bss)
 .bss           0x008005ac        0x0 c:/winavr-20100110/bin/../lib/gcc/avr/4.3.3/../../../../avr/lib/avr5/crtm32.o
 .bss           0x008005ac        0x0 ./MCAL_Layer/USART/USART_prog.o
 .bss           0x008005ac        0x0 ./MCAL_Layer/TIMER/TIMER_program.o
 .bss           0x008005ac        0x0 ./MCAL_Layer/SPI/SPI_prog.o
 .bss           0x008005ac        0x0 ./MCAL_Layer/GIE/GIE_prog.o
 .bss           0x008005ac        0x0 ./MCAL_Layer/EXTI/EXTI_prog.o
 .bss           0x008005ac        0x0 ./MCAL_Layer/EEPROM/EEPROM_prog.o
 .bss           0x008005ac        0x0 ./MCAL_Layer/DIO/DIO_prog.o
 .bss           0x008005ac        0x0 ./HAL_Layer/LED/LED_prog.o
 .bss           0x008005ac        0x0 ./APP_Layer/Security.o
 .bss           0x008005ac        0x0 ./APP_Layer/Smart_Home_Master.o
 .bss           0x008005ac        0x0 c:/winavr-20100110/bin/../lib/gcc/avr/4.3.3/avr5\libgcc.a(_udivmodqi4.o)
 .bss           0x008005ac        0x0 c:/winavr-20100110/bin/../lib/gcc/avr/4.3.3/avr5\libgcc.a(_exit.o)
 .bss           0x008005ac        0x0 c:/winavr-20100110/bin/../lib/gcc/avr/4.3.3/avr5\libgcc.a(_copy_data.o)
 .bss           0x008005ac        0x0 c:/winavr-20100110/bin/../lib/gcc/avr/4.3.3/avr5\libgcc.a(_clear_bss.o)
 *(.bss*)
 .bss.USART_pu8SendData
                0x008005ac        0x2 ./MCAL_Layer/USART/USART_prog.o
 .bss.USART_u8State
                0x008005ae        0x1 ./MCAL_Layer/USART/USART_prog.o
 .bss.USART_pvNotificationFunc
                0x008005af        0x2 ./MCAL_Layer/USART/USART_prog.o
 .bss.USART_pu8ReceiveData
                0x008005b1        0x2 ./MCAL_Layer/USART/USART_prog.o
 .bss.USART_u8BufferSize
                0x008005b3        0x1 ./MCAL_Layer/USART/USART_prog.o
 .bss.USART_u8Index
                0x008005b4        0x1 ./MCAL_Layer/USART/USART_prog.o
 .bss.TIMERS_pvCallBackFunc
                0x008005b5       0x10 ./MCAL_Layer/TIMER/TIMER_program.o
 .bss.SPI_pu8RData
                0x008005c5        0x2 ./MCAL_Layer/SPI/SPI_prog.o
 .bss.SPI_u8State
                0x008005c7        0x1 ./MCAL_Layer/SPI/SPI_prog.o
 .bss.SPI_pvNotificationFunc
                0x008005c8        0x2 ./MCAL_Layer/SPI/SPI_prog.o
 .bss.SPI_pu8TData
                0x008005ca        0x2 ./MCAL_Layer/SPI/SPI_prog.o
 .bss.SPI_u8BufferSize
                0x008005cc        0x1 ./MCAL_Layer/SPI/SPI_prog.o
 .bss.SPI_u8Index
                0x008005cd        0x1 ./MCAL_Layer/SPI/SPI_prog.o
 .bss.EXTI_CallBack
                0x008005ce        0x6 ./MCAL_Layer/EXTI/EXTI_prog.o
                0x008005ce                EXTI_CallBack
 .bss.UserName_Length
                0x008005d4        0x1 ./APP_Layer/Security.o
                0x008005d4                UserName_Length
 .bss.PassWord_Length
                0x008005d5        0x1 ./APP_Layer/Security.o
                0x008005d5                PassWord_Length
 .bss.KPD_PressLength
                0x008005d6        0x1 ./APP_Layer/Smart_Home_Master.o
                0x008005d6                KPD_PressLength
 .bss.PressVal  0x008005d7        0x1 ./APP_Layer/Smart_Home_Master.o
                0x008005d7                PressVal
 .bss.Error_Time_Out
                0x008005d8        0x1 ./APP_Layer/Smart_Home_Master.o
                0x008005d8                Error_Time_Out
 *(COMMON)
 COMMON         0x008005d9       0x2a ./APP_Layer/Security.o
                0x008005d9                Check
                0x008005ee                KPD_Press
                0x008005ef                UserName
 COMMON         0x00800603        0x1 ./APP_Layer/Smart_Home_Master.o
                0x00800603                SPI_Recieve
                0x00800604                PROVIDE (__bss_end, .)
                0x00002abc                __data_load_start = LOADADDR (.data)
                0x00003008                __data_load_end = (__data_load_start + SIZEOF (.data))

.noinit         0x00800604        0x0
                0x00800604                PROVIDE (__noinit_start, .)
 *(.noinit*)
                0x00800604                PROVIDE (__noinit_end, .)
                0x00800604                _end = .
                0x00800604                PROVIDE (__heap_start, .)

.eeprom         0x00810000        0x0
 *(.eeprom*)
                0x00810000                __eeprom_end = .

.fuse
 *(.fuse)
 *(.lfuse)
 *(.hfuse)
 *(.efuse)

.lock
 *(.lock*)

.signature
 *(.signature*)

.stab
 *(.stab)

.stabstr
 *(.stabstr)

.stab.excl
 *(.stab.excl)

.stab.exclstr
 *(.stab.exclstr)

.stab.index
 *(.stab.index)

.stab.indexstr
 *(.stab.indexstr)

.comment
 *(.comment)

.debug
 *(.debug)

.line
 *(.line)

.debug_srcinfo
 *(.debug_srcinfo)

.debug_sfnames
 *(.debug_sfnames)

.debug_aranges
 *(.debug_aranges)

.debug_pubnames
 *(.debug_pubnames)

.debug_info
 *(.debug_info)
 *(.gnu.linkonce.wi.*)

.debug_abbrev
 *(.debug_abbrev)

.debug_line
 *(.debug_line)

.debug_frame
 *(.debug_frame)

.debug_str
 *(.debug_str)

.debug_loc
 *(.debug_loc)

.debug_macinfo
 *(.debug_macinfo)
OUTPUT(Smart_Home_Master.elf elf32-avr)
LOAD linker stubs
